// Jest Snapshot v1, https://goo.gl/fbAQLP

exports[`<Auth /> should render without crash 1`] = `
<div>
  <BrowserRouter>
    <Switch>
      <Route
        component={[Function]}
        exact={true}
        path="/"
      />
      <Route
        component={[Function]}
        path="/registration"
      />
      <Route
        component={[Function]}
      />
    </Switch>
  </BrowserRouter>
</div>
`;
