// Jest Snapshot v1, https://goo.gl/fbAQLP

exports[`ProductInWishlist /> should render without crash 1`] = `
<tr>
  <td>
    ZX3
  </td>
  <td>
    400
  </td>
  <td />
  <td>
    <span>
      $
    </span>
  </td>
  <td>
    <button
      className="btn btn-danger"
      onClick={[Function]}
      type="button"
    >
      X
    </button>
  </td>
  <td>
    <AddToCartButton
      className="btn btn-primary"
      disabled={false}
      handleClickToCart={[MockFunction]}
      product={
        Object {
          "inStock": "30",
          "name": "ZX3",
          "price": 400,
          "productId": "product-1",
          "type": "Printer",
        }
      }
    />
  </td>
</tr>
`;
