// Jest Snapshot v1, https://goo.gl/fbAQLP

exports[`<Wishlist /> should render products list if loaded true 1`] = `
<div>
  <h2>
    Wish list:
  </h2>
  <table>
    <tbody>
      <tr>
        <th>
          Name:
        </th>
        <th>
          Price:
        </th>
        <th>
          Pcs:
        </th>
        <th>
          Total price:
        </th>
        <th>
          Delete:
        </th>
      </tr>
      <ProductInWishlist
        key="product-1"
        product={
          Object {
            "inStock": "30",
            "name": "ZX3",
            "price": 400,
            "productId": "product-1",
            "type": "Printer",
          }
        }
        remove={[Function]}
      />
      <ProductInWishlist
        key="product-2"
        product={
          Object {
            "inStock": "5",
            "name": "ZX5",
            "price": 600,
            "productId": "product-2",
            "type": "Printer",
          }
        }
        remove={[Function]}
      />
    </tbody>
  </table>
</div>
`;

exports[`<Wishlist /> should render without crash 1`] = `
<h4>
  Loading
</h4>
`;
