// Jest Snapshot v1, https://goo.gl/fbAQLP

exports[`<SideBar /> should render without crash 1`] = `
<ul
  className="sidebar__list"
>
  <li
    className="item"
  >
    <Link
      replace={false}
      to="/"
    >
      Logo
    </Link>
  </li>
  <hr />
  <li
    className="item"
  >
    <NavLink
      activeClassName="active"
      aria-current="page"
      exact={true}
      to="/"
    >
      Shop
    </NavLink>
  </li>
  <li
    className="item"
  >
    <NavLink
      activeClassName="active"
      aria-current="page"
      to="/orders"
    >
      Orders
    </NavLink>
  </li>
  <li
    className="item"
  >
    <NavLink
      activeClassName="active"
      aria-current="page"
      to="/cart"
    >
      Cart
    </NavLink>
  </li>
  <li
    className="item"
  >
    <NavLink
      activeClassName="active"
      aria-current="page"
      to="/wishlist"
    >
      Wish list
    </NavLink>
  </li>
  <Connect(Authorization)
    render={true}
    withRoleAdmin={
      <li
        className="item"
      >
        <NavLink
          activeClassName="active"
          aria-current="page"
          to="/inventory"
        >
          Inventory
        </NavLink>
      </li>
    }
  />
  <Connect(Authorization)
    logout={[Function]}
  />
</ul>
`;
