// Jest Snapshot v1, https://goo.gl/fbAQLP

exports[`<NavBar /> should render without crash 1`] = `
<div
  className="nav-bar"
>
  <ul
    className="nav-bar__list"
  >
    <li
      className="item"
    >
      <NavLink
        activeClassName="active"
        aria-current="page"
        exact={true}
        to="/"
      >
        Shop
      </NavLink>
    </li>
    <li
      className="item"
    >
      <NavLink
        activeClassName="active"
        aria-current="page"
        to="/orders"
      >
        Orders
      </NavLink>
    </li>
    <li
      className="item"
    >
      <NavLink
        activeClassName="active"
        aria-current="page"
        to="/cart"
      >
        Cart
      </NavLink>
    </li>
    <Connect(Authorization)
      render={true}
      withRoleAdmin={
        <li
          className="item"
        >
          <NavLink
            activeClassName="active"
            aria-current="page"
            to="/inventory"
          >
            Inventory
          </NavLink>
        </li>
      }
    />
    <Connect(Authorization)
      logout={[Function]}
    />
  </ul>
</div>
`;
