// Jest Snapshot v1, https://goo.gl/fbAQLP

exports[`<OrdersSearch> should render without crash 1`] = `
<div
  className="search"
>
  <div>
    <span>
      Orders:
    </span>
    <select
      className="search__select"
      onChange={[MockFunction]}
    >
      <option
        value="all"
      >
        All
      </option>
      <option
        value="realized"
      >
        Realized
      </option>
      <option
        value="in-progress"
      >
        In progress
      </option>
    </select>
  </div>
  <div
    className="search__id"
  >
    <span>
      Id:
    </span>
    <input
      className="search__input"
      onChange={[MockFunction]}
      type="text"
    />
  </div>
</div>
`;
