// Jest Snapshot v1, https://goo.gl/fbAQLP

exports[`<OrdersSearch> should render without crash 1`] = `
<div>
  <div>
    Orders: 
    <select
      onChange={[MockFunction]}
    >
      <option
        value="all"
      >
        All
      </option>
      <option
        value="realized"
      >
        Realized
      </option>
      <option
        value="in-progress"
      >
        In progress
      </option>
    </select>
  </div>
  <div>
    <input
      onChange={[MockFunction]}
      type="text"
    />
  </div>
</div>
`;
