// Jest Snapshot v1, https://goo.gl/fbAQLP

exports[`<Order /> should render without crash 1`] = `
<Fragment>
  <tr>
    <td>
      1234
    </td>
    <td />
    <td />
    <td>
      400
    </td>
    <td>
      in-progress
    </td>
    <td>
      <button
        onClick={[Function]}
        type="button"
      >
        \\/
      </button>
    </td>
    <td>
      <Connect(Authorization)
        render={true}
        withRoleAdmin={
          <button
            className="btn btn-submit"
            disabled={false}
            onClick={[Function]}
            type="button"
          >
            Realise
          </button>
        }
      />
    </td>
  </tr>
</Fragment>
`;
