// Jest Snapshot v1, https://goo.gl/fbAQLP

exports[`<Order /> should render without crash 1`] = `
<Fragment>
  <tr>
    <td>
      1234
    </td>
    <td />
    <td />
    <td>
      400
    </td>
    <td>
      in-progress
    </td>
    <td>
      <button
        className="btn-orders-detail"
        onClick={[Function]}
        type="button"
      >
        <FontAwesomeIcon
          border={false}
          className=""
          fixedWidth={false}
          flip={null}
          icon={
            Object {
              "icon": Array [
                320,
                512,
                Array [],
                "f107",
                "M143 352.3L7 216.3c-9.4-9.4-9.4-24.6 0-33.9l22.6-22.6c9.4-9.4 24.6-9.4 33.9 0l96.4 96.4 96.4-96.4c9.4-9.4 24.6-9.4 33.9 0l22.6 22.6c9.4 9.4 9.4 24.6 0 33.9l-136 136c-9.2 9.4-24.4 9.4-33.8 0z",
              ],
              "iconName": "angle-down",
              "prefix": "fas",
            }
          }
          inverse={false}
          listItem={false}
          mask={null}
          pull={null}
          pulse={false}
          rotation={null}
          size={null}
          spin={false}
          symbol={false}
          title=""
          transform={null}
        />
      </button>
    </td>
    <td>
      <Connect(Authorization)
        render={true}
        withRoleAdmin={
          <button
            className="btn btn-submit"
            disabled={false}
            onClick={[Function]}
            type="button"
          >
            Realise
          </button>
        }
      />
    </td>
  </tr>
</Fragment>
`;
