// Jest Snapshot v1, https://goo.gl/fbAQLP

exports[`<CartProduct /> should render witout crash 1`] = `
<tr>
  <td>
    fx
  </td>
  <td>
    400
  </td>
  <td>
    <input
      onChange={[Function]}
      type="number"
      value={2}
    />
  </td>
  <td>
    <span>
      $
    </span>
    800
  </td>
  <td>
    <button
      className="btn btn-danger"
      onClick={[Function]}
      type="button"
    >
      X
    </button>
  </td>
</tr>
`;
