// Jest Snapshot v1, https://goo.gl/fbAQLP

exports[`<Cart /> should render witout crash 1`] = `
<div
  className="cart"
>
  <h3>
    Products in your cart:
  </h3>
  <table>
    <tbody
      className="cart-produts__item"
    >
      <tr>
        <th>
          Name:
        </th>
        <th>
          Price:
        </th>
        <th>
          Pcs:
        </th>
        <th>
          Total price:
        </th>
        <th>
          Delete:
        </th>
      </tr>
      <CartProduct
        changeQuantity={[Function]}
        key="1234"
        product={
          Object {
            "id": "1234",
            "name": "fx",
            "pcsOrder": 2,
            "price": 400,
            "productId": "1",
            "totalPrice": 800,
          }
        }
        remove={[Function]}
      />
      <CartProduct
        changeQuantity={[Function]}
        key="5678"
        product={
          Object {
            "id": "5678",
            "name": "fx2",
            "pcsOrder": 8,
            "price": 600,
            "productId": "2",
            "totalPrice": 4800,
          }
        }
        remove={[Function]}
      />
    </tbody>
  </table>
  <div
    className="cart__sumary"
  >
    <p>
      $
      5600
    </p>
    <button
      className="btn btn-primary"
      disabled={false}
      onClick={[Function]}
      type="button"
    >
      Buy
    </button>
  </div>
</div>
`;
