// Jest Snapshot v1, https://goo.gl/fbAQLP

exports[`<ProductsList /> should render products list if loaded true 1`] = `
<div
  className="products-list"
>
  <withRouter(Connect(Product))
    key="product-1"
    product={
      Object {
        "id": "product-1",
        "inStock": 30,
        "name": "ZX3",
        "price": 400,
        "type": "Printer",
      }
    }
  />
  <withRouter(Connect(Product))
    key="product-2"
    product={
      Object {
        "id": "product-2",
        "inStock": 5,
        "name": "ZX5",
        "price": 600,
        "type": "Printer",
      }
    }
  />
</div>
`;

exports[`<ProductsList /> should render without crash 1`] = `
<div
  className="products-list"
>
  <p>
    Loading:
  </p>
</div>
`;
