// Jest Snapshot v1, https://goo.gl/fbAQLP

exports[`<Product /> should render without crash 1`] = `
<div
  className="product-item"
>
  <h3>
    test
  </h3>
  <h5>
    printer
  </h5>
  <p>
    Price:
    12
  </p>
  <p
    id="stock"
  >
    Stock:
    <span
      id="stock-message"
    >
      medium supply
    </span>
  </p>
  Order:
  <input
    onChange={[Function]}
    type="number"
    value={0}
  />
  <p
    id="stock-error"
  />
  <p>
    Total price:
    <span
      id="total-price"
    >
      0
    </span>
  </p>
  <button
    type="button"
  >
    Add to cart
  </button>
</div>
`;
