// Jest Snapshot v1, https://goo.gl/fbAQLP

exports[`<Product /> should render without crash 1`] = `
<div>
  <div
    className="product-item"
  >
    <h3>
      test
    </h3>
    <h5>
      printer
    </h5>
    <p
      className="product-item__price"
    >
      <span>
        $
      </span>
      12
    </p>
    <p>
      <span>
        In stock:
      </span>
      <span
        id="stock-message"
      >
        medium supply
      </span>
    </p>
    <p
      className="product-item__order"
    >
      Order:
      <input
        onChange={[Function]}
        type="number"
        value={1}
      />
      pcs
    </p>
    <p
      id="stock-error"
    />
    <p
      className="product-item__total"
    >
      <span>
        Total price:
      </span>
      <span
        id="total-price"
      >
        <span>
          $
        </span>
        12
      </span>
    </p>
    <button
      className="btn btn-primary"
      disabled={false}
      onClick={[Function]}
      type="button"
    >
      Add to cart
    </button>
    <button
      className="btn btn-danger"
      onClick={[Function]}
      type="button"
    >
      Wish
    </button>
  </div>
</div>
`;
